// Vitest Snapshot v1, https://vitest.dev/guide/snapshot.html

exports[`PrtBtn > matches the initial state snapshot 1`] = `
"<button type=\\"button\\" class=\\"inline-flex items-center justify-center font-medium transition-colors duration-150 rounded text-center  text-base py-2 px-4    text-white bg-el-7 hover:bg-opacity-90 focus:ring-2 focus:ring-offset-2 focus:ring-el-7 focus:ring-opacity-50\\" data-testid=\\"button\\">
  <!--v-if-->
  <!--v-if-->
</button>"
`;
